// Jest Snapshot v1, https://goo.gl/fbAQLP

exports[`add-ethereum-chain confirmation should match snapshot 1`] = `
<div>
  <div
    class="confirmation-page"
  >
    <div
      class="mm-box confirmation-page__content mm-box--padding-4"
      style="margin-top: 0px; overflow-y: auto;"
    >
      <div
        boxprops="[object Object]"
        class="mm-box mm-banner-base mm-banner-alert mm-banner-alert--severity-warning mm-box--padding-3 mm-box--padding-left-2 mm-box--display-flex mm-box--gap-2 mm-box--background-color-warning-muted mm-box--rounded-sm"
      >
        <span
          class="mm-box mm-icon mm-icon--size-lg mm-box--display-inline-block mm-box--color-warning-default"
          style="mask-image: url('./images/icons/danger.svg');"
        />
        <div
          class="mm-box mm-box--min-width-0"
        >
          <p
            class="box box--margin-top-1 box--margin-bottom-1 box--flex-direction-row typography typography--p typography--weight-normal typography--style-normal typography--color-text-default"
          >
            We can’t verify custom networks. To avoid malicious providers from recording your network activity, only add networks you trust. 
          </p>
          <a
            href="https://support.metamask.io/networks-and-sidechains/managing-networks/user-guide-custom-networks-and-sidechains/"
            target="__blank"
          >
            Learn more
          </a>
        </div>
      </div>
      <h3
        class="box box--md:margin-4 box--margin-top-1 box--margin-bottom-1 box--flex-direction-row typography typography--h3 typography--weight-bold typography--style-normal typography--align-center typography--color-text-default"
      >
        Update Test initial state
      </h3>
      <h6
        class="box box--md:margin-4 box--margin-top-1 box--margin-bottom-1 box--flex-direction-row typography typography--h6 typography--weight-normal typography--style-normal typography--align-center typography--color-text-default"
      >
        This site is requesting to update your default network URL. You can edit defaults and network information any time.
      </h6>
      <div
        class="box box--margin-6 box--padding-4 box--padding-bottom-3 box--flex-direction-row box--rounded-lg box--border-color-border-muted box--border-style-solid box--border-width-1"
      >
        <dl
          class="definition-list"
        >
          <dt
            class="mm-box mm-text definition-list__term mm-text--body-md-medium mm-box--margin-top-0 mm-box--margin-bottom-1 mm-box--color-text-default"
          >
            Currency symbol
            <div>
              <div
                aria-describedby="tippy-tooltip-1"
                class="definition-list__tooltip-wrapper"
                data-original-title="The ticker symbol displayed for this network’s currency."
                data-tooltipped=""
                style="display: inline;"
                tabindex="0"
              >
                <span
                  class="mm-box mm-icon mm-icon--size-sm mm-box--margin-left-1 mm-box--display-inline-block mm-box--color-icon-default"
                  style="mask-image: url('./images/icons/question.svg');"
                />
              </div>
            </div>
          </dt>
          <dd
            class="mm-box mm-text definition-list__definition mm-text--body-md mm-text--overflow-wrap-break-word mm-box--margin-top-0 mm-box--margin-bottom-2 mm-box--color-text-alternative"
          >
            TST
          </dd>
          <dt
            class="mm-box mm-text definition-list__term mm-text--body-md-medium mm-box--margin-top-0 mm-box--margin-bottom-1 mm-box--color-text-default"
          >
            Network URL
            <div>
              <div
                aria-describedby="tippy-tooltip-2"
                class="definition-list__tooltip-wrapper"
                data-original-title="The URL used to access this network."
                data-tooltipped=""
                style="display: inline;"
                tabindex="0"
              >
                <span
                  class="mm-box mm-icon mm-icon--size-sm mm-box--margin-left-1 mm-box--display-inline-block mm-box--color-icon-default"
                  style="mask-image: url('./images/icons/question.svg');"
                />
              </div>
            </div>
          </dt>
          <dd
            class="mm-box mm-text definition-list__definition mm-text--body-md mm-text--overflow-wrap-break-word mm-box--margin-top-0 mm-box--margin-bottom-2 mm-box--color-text-alternative"
          >
            https://rpcurl.test.chain
          </dd>
        </dl>
        <a
          class="button btn-link truncated-definition-list__view-more"
          role="button"
          tabindex="0"
        >
          See details
        </a>
      </div>
    </div>
    <div
      class="confirmation-footer"
    >
      <div
        class="confirmation-footer__actions"
      >
        <button
          class="button btn--rounded btn-secondary"
          data-testid="confirmation-cancel-button"
        >
          Cancel
        </button>
        <button
          class="button btn--rounded btn-primary"
          data-testid="confirmation-submit-button"
        >
          Approve
        </button>
      </div>
    </div>
  </div>
</div>
`;

exports[`add-ethereum-chain confirmation should match snapshot 2`] = `<div />`;
