// Jest Snapshot v1, https://goo.gl/fbAQLP

exports[`AssetPage should render a native asset 1`] = `
<div>
  <div
    class="mm-box asset__content mm-box--margin-top-4 mm-box--margin-right-auto mm-box--margin-left-auto"
  >
    <div
      class="mm-box mm-box--padding-right-4 mm-box--padding-bottom-1 mm-box--padding-left-2 mm-box--display-flex mm-box--flex-direction-row mm-box--justify-content-space-between"
    >
      <div
        class="mm-box mm-box--display-flex"
      >
        <button
          aria-label="Back"
          class="mm-box mm-button-icon mm-button-icon--size-sm mm-box--margin-right-1 mm-box--display-inline-flex mm-box--justify-content-center mm-box--align-items-center mm-box--color-icon-alternative mm-box--background-color-transparent mm-box--rounded-lg"
        >
          <span
            class="mm-box mm-icon mm-icon--size-sm mm-box--display-inline-block mm-box--color-inherit"
            style="mask-image: url('./images/icons/arrow-left.svg');"
          />
        </button>
        <p
          class="mm-box mm-text mm-text--body-md mm-box--color-text-alternative"
          data-testid="asset-name"
        >
          TEST
        </p>
      </div>
    </div>
    <div
      class="mm-box mm-box--margin-top-4"
    >
      <div
        class="mm-box mm-box--display-flex mm-box--justify-content-space-evenly"
      >
        <button
          class="icon-button coin-overview__button"
          data-testid="coin-overview-buy"
        >
          <div
            class="icon-button__circle"
          >
            <span
              class="mm-box mm-icon mm-icon--size-md mm-box--display-inline-block mm-box--color-primary-inverse"
              style="mask-image: url('./images/icons/plus-minus.svg');"
            />
          </div>
          <p
            class="mm-box mm-text icon-button__label mm-text--body-sm mm-text--ellipsis mm-box--color-text-default"
          >
            Buy & Sell
          </p>
        </button>
        <button
          class="icon-button coin-overview__button"
        >
          <div
            class="icon-button__circle"
          >
            <span
              class="mm-box mm-icon mm-icon--size-md mm-box--display-inline-block mm-box--color-primary-inverse"
              style="mask-image: url('./images/icons/stake.svg');"
            />
          </div>
          <p
            class="mm-box mm-text icon-button__label mm-text--body-sm mm-text--ellipsis mm-box--color-text-default"
          >
            Stake
          </p>
        </button>
        <button
          class="icon-button coin-overview__button"
        >
          <div
            class="icon-button__circle"
          >
            <span
              class="mm-box mm-icon mm-icon--size-md mm-box--display-inline-block mm-box--color-primary-inverse"
              style="mask-image: url('./images/icons/diagram.svg');"
            />
          </div>
          <p
            class="mm-box mm-text icon-button__label mm-text--body-sm mm-text--ellipsis mm-box--color-text-default"
          >
            Portfolio
          </p>
        </button>
        <button
          class="icon-button coin-overview__button"
          data-testid="coin-overview-send"
        >
          <div
            class="icon-button__circle"
          >
            <span
              class="mm-box mm-icon mm-icon--size-md mm-box--display-inline-block mm-box--color-primary-inverse"
              style="mask-image: url('./images/icons/arrow-2-up-right.svg');"
            />
          </div>
          <p
            class="mm-box mm-text icon-button__label mm-text--body-sm mm-text--ellipsis mm-box--color-text-default"
          >
            Send
          </p>
        </button>
        <button
          class="icon-button coin-overview__button icon-button--disabled"
          data-testid="token-overview-button-swap"
          disabled=""
        >
          <div
            class="icon-button__circle"
          >
            <span
              class="mm-box mm-icon mm-icon--size-md mm-box--display-inline-block mm-box--color-primary-inverse"
              style="mask-image: url('./images/icons/swap-horizontal.svg');"
            />
          </div>
          <p
            class="mm-box mm-text icon-button__label mm-text--body-sm mm-text--ellipsis mm-box--color-text-default"
          >
            Swap
          </p>
        </button>
        <button
          class="icon-button coin-overview__button"
          data-testid="coin-overview-bridge"
        >
          <div
            class="icon-button__circle"
          >
            <span
              class="mm-box mm-icon mm-icon--size-md mm-box--display-inline-block mm-box--color-primary-inverse"
              style="mask-image: url('./images/icons/bridge.svg');"
            />
          </div>
          <p
            class="mm-box mm-text icon-button__label mm-text--body-sm mm-text--ellipsis mm-box--color-text-default"
          >
            Bridge
          </p>
        </button>
        <button
          class="icon-button coin-overview__button"
          data-testid="coin-overview-portfolio"
        >
          <div
            class="icon-button__circle"
          >
            <span
              class="mm-box mm-icon mm-icon--size-md mm-box--display-inline-block mm-box--color-primary-inverse"
              style="mask-image: url('./images/icons/diagram.svg');"
            />
          </div>
          <p
            class="mm-box mm-text icon-button__label mm-text--body-sm mm-text--ellipsis mm-box--color-text-default"
          >
            Portfolio
          </p>
        </button>
      </div>
    </div>
    <div
      class="mm-box mm-box--padding-top-5 mm-box--display-flex mm-box--flex-direction-column"
    >
      <h3
        class="mm-box mm-text mm-text--heading-md mm-box--padding-bottom-2 mm-box--padding-left-4 mm-box--color-text-default"
      >
        Your balance
      </h3>
      <div
        class="mm-box multichain-token-list-item mm-box--display-flex mm-box--gap-4 mm-box--flex-direction-column"
        data-testid="multichain-token-list-item"
      >
        <div
          class="mm-box multichain-token-list-item__container-cell mm-box--padding-4 mm-box--display-flex mm-box--flex-direction-row"
          data-testid="multichain-token-list-button"
        >
          <div
            class="mm-box mm-badge-wrapper mm-box--margin-right-3 mm-box--display-inline-block"
          >
            <div
              class="mm-box mm-text mm-avatar-base mm-avatar-base--size-md mm-avatar-token mm-text--body-sm mm-text--text-transform-uppercase mm-box--display-flex mm-box--justify-content-center mm-box--align-items-center mm-box--color-text-default mm-box--background-color-background-alternative mm-box--rounded-full mm-box--border-color-border-default box--border-style-solid box--border-width-1"
            >
              T
            </div>
            <div
              class="mm-box mm-badge-wrapper__badge-container mm-badge-wrapper__badge-container--circular-top-right"
            >
              <div
                class="mm-box mm-text mm-avatar-base mm-avatar-base--size-xs mm-avatar-network mm-text--body-xs mm-text--text-transform-uppercase mm-box--display-flex mm-box--justify-content-center mm-box--align-items-center mm-box--color-text-default mm-box--background-color-background-alternative mm-box--rounded-full mm-box--border-color-border-muted box--border-style-solid box--border-width-1"
              >
                <img
                  alt="network logo"
                  class="mm-avatar-network__network-image"
                  src="./images/eth_logo.svg"
                />
              </div>
            </div>
          </div>
          <div
            class="mm-box multichain-token-list-item__container-cell--text-container mm-box--display-flex mm-box--flex-direction-column mm-box--width-full"
            style="flex-grow: 1; overflow: hidden;"
          >
            <div
              class="mm-box mm-box--display-flex mm-box--gap-1 mm-box--flex-direction-row mm-box--justify-content-space-between"
            >
              <div
                class="mm-box mm-box--display-inline-block mm-box--width-1/3"
              >
                <span
                  class="mm-box mm-text mm-text--body-md mm-text--font-weight-medium mm-text--ellipsis mm-box--color-text-default"
                >
                  TEST
                </span>
                <p
                  class="mm-box mm-text mm-text--body-md mm-text--ellipsis mm-box--color-text-alternative"
                  data-testid="multichain-token-list-item-token-name"
                >
                  TEST
                </p>
              </div>
              <div
                class="mm-box mm-box--display-flex mm-box--flex-direction-column mm-box--align-items-flex-end mm-box--width-2/3"
              >
                <p
                  class="mm-box mm-text mm-text--body-md mm-text--font-weight-medium mm-text--text-align-end mm-box--width-2/3 mm-box--color-text-default"
                  data-testid="multichain-token-list-item-secondary-value"
                />
                <p
                  class="mm-box mm-text mm-text--body-md mm-text--text-align-end mm-box--color-text-alternative"
                  data-testid="multichain-token-list-item-value"
                >
                  0 TEST
                   
                  
                </p>
              </div>
            </div>
            <div
              class="mm-box mm-box--display-flex mm-box--gap-1 mm-box--flex-direction-row mm-box--justify-content-space-between"
            />
          </div>
        </div>
      </div>
      <div
        class="mm-box mm-box--margin-top-2 mm-box--display-flex mm-box--gap-7 mm-box--flex-direction-column"
      >
        <div
          class="mm-box mm-box--margin-bottom-8"
        >
          <h3
            class="mm-box mm-text mm-text--heading-md mm-box--padding-right-4 mm-box--padding-left-4 mm-box--color-text-default"
          >
            Your activity
          </h3>
          <div
            class="mm-box ramps-card ramps-card-activity mm-box--margin-2 mm-box--display-flex mm-box--gap-2 mm-box--flex-direction-column mm-box--rounded-lg"
          >
            <h4
              class="mm-box mm-text ramps-card__title mm-text--heading-sm mm-box--color-text-default"
            >
              Start your journey with ETH
            </h4>
            <p
              class="mm-box mm-text ramps-card__body mm-text--body-md mm-box--color-text-default"
            >
              Get started with web3 by adding some ETH to your wallet.
            </p>
            <button
              class="mm-box mm-text mm-button-base mm-button-base--size-md ramps-card__cta-button mm-text--body-md-medium mm-box--padding-0 mm-box--padding-right-4 mm-box--padding-left-4 mm-box--display-inline-flex mm-box--justify-content-center mm-box--align-items-center mm-box--color-text-default mm-box--background-color-background-alternative mm-box--rounded-pill"
            >
              Buy ETH
            </button>
          </div>
          <div
            class="mm-box transaction-list"
          >
            <div
              class="mm-box transaction-list__transactions"
            >
              <div
                class="mm-box transaction-list__completed-transactions"
              >
                <div
                  class="mm-box transaction-list__empty"
                >
                  <div
                    class="mm-box transaction-list__empty-text"
                  >
                    You have no transactions
                  </div>
                </div>
              </div>
            </div>
          </div>
        </div>
      </div>
    </div>
  </div>
</div>
`;
