// Jest Snapshot v1, https://goo.gl/fbAQLP

exports[`OnboardingAppHeader should match snapshot 1`] = `
<div>
  <div
    class="onboarding-app-header"
  >
    <div
      class="onboarding-app-header__contents"
    >
      <button
        class="mm-box onboarding-app-header__logo-container mm-box--background-color-transparent"
        data-testid="app-header-logo"
      >
           <svg id="Layer_1"  height="30" width="162" data-name="Layer 1" xmlns="http://www.w3.org/2000/svg"  viewBox="0 0 143.56 40.72">
        <defs>
          <style>
            .cls-1, .cls-2, .cls-3, .cls-4, .cls-5 {
              fill-rule: evenodd;
            }

            .cls-1 {
              fill: url(#linear-gradient);
            }

            .cls-2 {
              fill: url(#linear-gradient-2);
            }

            .cls-3 {
              fill: url(#linear-gradient-3);
            }

            .cls-4 {
              fill: url(#linear-gradient-4);
            }

            .cls-5 {
              fill: url(#linear-gradient-5);
            }

            .cls-6 {
              fill: url(#linear-gradient-6);
            }

            .cls-7 {
              fill: #fff;
            }
          </style>
          <linearGradient id="linear-gradient" x1="16.99" y1="21.07" x2="33.52" y2="21.07" gradientUnits="userSpaceOnUse">
            <stop offset="0" stop-color="#292562"/>
            <stop offset="1" stop-color="#e70b8a"/>
          </linearGradient>
          <linearGradient id="linear-gradient-2" x1="21.88" y1="34.26" x2="21.88" y2="20.21" xlink:href="#linear-gradient"/>
          <linearGradient id="linear-gradient-3" x1="36.98" y1="31.87" x2="19.73" y2="31.87" xlink:href="#linear-gradient"/>
          <linearGradient id="linear-gradient-4" x1="33.61" y1="15.2" x2="25.65" y2="26.3" xlink:href="#linear-gradient"/>
          <linearGradient id="linear-gradient-5" x1="36.6" y1="17.34" x2="28.64" y2="28.45" xlink:href="#linear-gradient"/>
          <linearGradient id="linear-gradient-6" x1="6.45" y1="25" x2="47.17" y2="25" xlink:href="#linear-gradient"/>
        </defs>
        <g>
          <path class="cls-1" d="M36.91,20.84v.46a6,6,0,0,1-2.64,5,5.61,5.61,0,0,1-1,.56,5.88,5.88,0,0,1-.74.26,6,6,0,0,1-1.59.21H26.74l0,0a0,0,0,0,0,0,0l4.91-4.91h0a2.76,2.76,0,0,0,.23-.27,1.51,1.51,0,0,0,.2-.45.24.24,0,0,0,0-.08.36.36,0,0,0,0-.11.5.5,0,0,0,0-.12.76.76,0,0,0,0-.15.86.86,0,0,0,0-.16.77.77,0,0,0,0-.15s0-.07,0-.1a.32.32,0,0,0,0-.09.65.65,0,0,0,0-.13s0-.1-.07-.15l-.08-.13a.41.41,0,0,0-.07-.11,1.27,1.27,0,0,0-.25-.27l-.12-.1-.13-.08-.15-.08-.1,0-.06,0-.17-.05-.18,0H22.77c-1.77.08-6.06.7-6.06,4.79V20.84a6,6,0,0,1,.93-3.21c.05-.09.12-.18.18-.27h0l.05-.07.09-.11.21-.27.15-.16a1.85,1.85,0,0,1,.14-.14h0a6,6,0,0,1,4.24-1.75h8.22a3.46,3.46,0,0,1,.46,0,3.26,3.26,0,0,1,.45.05h.09l.2,0h0l.29.07.28.08.28.09.27.11.2.09h0l.29.15.2.12.08.05.21.13c.18.12.35.25.51.38l.16.15,0,0a1.57,1.57,0,0,1,.19.18l.09.09a1.71,1.71,0,0,1,.18.2s0,0,0,0a4.86,4.86,0,0,1,.48.64.87.87,0,0,1,.11.18,1.28,1.28,0,0,1,.15.25,5.27,5.27,0,0,1,.36.8,2.14,2.14,0,0,1,.09.27l0,.05.06.23c.06.2.09.41.13.61l0,.28c0,.1,0,.2,0,.3S36.91,20.73,36.91,20.84Z" transform="translate(-6.45 -4.64)"/>
          <path class="cls-2" d="M27.06,22.58l-4.7,4.7h0l-.22.22-.45.44h0a.52.52,0,0,0-.1.11l-.06.07-.06.11s0,0,0,0l-.06.12c0,.07-.05.14-.07.2-1.72,2.46-2.55,5.05,0,6.4a6,6,0,0,1-3.13-1.89c-.16-.19-.31-.38-.45-.58s-.18-.28-.26-.43l-.12-.22a2.14,2.14,0,0,1-.1-.22,5.74,5.74,0,0,1-.46-1.49l0-.2c0-.16,0-.32,0-.48s0-.2,0-.3h0V24.26c0-4.13,4.39-4.72,6.13-4.79l-.18,0-.13,0a.34.34,0,0,0-.14.05.84.84,0,0,0-.14.06,1.46,1.46,0,0,0-.24.17h0l0,.05s0,0,0,0h0a1.23,1.23,0,0,0-.26.34.54.54,0,0,0-.07.13,1.7,1.7,0,0,0-.1.32.77.77,0,0,0,0,.15.15.15,0,0,0,0,.07V21h0a.76.76,0,0,0,0,.15A1.54,1.54,0,0,0,23,22.58Z" transform="translate(-6.45 -4.64)"/>
          <path class="cls-3" d="M34.74,35.14h-12A5.65,5.65,0,0,1,21.32,35h0c-2.55-1.35-1.72-3.94,0-6.4a1.44,1.44,0,0,0,1.38,1.81H34.53C37.56,30.4,37.77,35,34.74,35.14Z" transform="translate(-6.45 -4.64)"/>
          <g>
            <path class="cls-4" d="M33.45,15.41Z" transform="translate(-6.45 -4.64)"/>
            <path class="cls-5" d="M36.91,20.84v.46a6,6,0,0,1-2.64,5,5.9,5.9,0,0,1-1.76.81h0a5.85,5.85,0,0,1-1.58.22H26.76a0,0,0,0,0,0,0l4.91-4.91a.71.71,0,0,0,.12-.13q.17-.16.3-.33A11.56,11.56,0,0,0,33.79,19a5.24,5.24,0,0,0,.25-.87s0,0,0,0h0a1.7,1.7,0,0,0,0-.22c0-.12,0-.24,0-.36a3,3,0,0,0-.49-1.87l-.14-.19,0,0h0l.29.15.2.12.08.05.21.13c.18.12.35.25.51.38l.16.15,0,0a1.07,1.07,0,0,1,.19.18l.09.09a1.71,1.71,0,0,1,.18.2s0,0,0,0a6,6,0,0,1,.49.64,1.62,1.62,0,0,1,.1.18,1.28,1.28,0,0,1,.15.25,5.27,5.27,0,0,1,.36.8,2.14,2.14,0,0,1,.09.27l0,.05.06.23a4.42,4.42,0,0,1,.13.61l0,.28c0,.1,0,.2,0,.3S36.91,20.73,36.91,20.84Z" transform="translate(-6.45 -4.64)"/>
          </g>
        </g>
        <path class="cls-6" d="M26.81,45.36A20.36,20.36,0,0,1,18.89,6.24a20.37,20.37,0,1,1,7.92,39.12Zm0-39A18.65,18.65,0,1,0,45.46,25,18.67,18.67,0,0,0,26.81,6.35Z" transform="translate(-6.45 -4.64)"/>
        <g>
          <path class="cls-7" d="M72.71,25.73H61.32a.71.71,0,0,0-.71.71v7.08a.71.71,0,0,0,.71.71H74.17a.71.71,0,0,1,.71.71v1.13a.71.71,0,0,1-.71.71H57.06a.71.71,0,0,1-.71-.71V13.93a.71.71,0,0,1,.71-.71H73.44a.71.71,0,0,1,.71.71v1.13a.71.71,0,0,1-.71.71H61.32a.71.71,0,0,0-.71.71v6a.71.71,0,0,0,.71.71H72.71a.71.71,0,0,1,.71.71V25A.71.71,0,0,1,72.71,25.73Z" transform="translate(-6.45 -4.64)"/>
          <path class="cls-7" d="M78.15,35.14a.39.39,0,0,1,.1-.25l18.19-19v-.11H80.08a.36.36,0,0,1-.36-.36V13.58a.36.36,0,0,1,.36-.36H101.6a.36.36,0,0,1,.36.36v1.35a.35.35,0,0,1-.1.25L83.78,34.12v.11h18.07a.36.36,0,0,1,.36.36v1.83a.36.36,0,0,1-.36.36H78.52a.37.37,0,0,1-.37-.36Z" transform="translate(-6.45 -4.64)"/>
          <path class="cls-7" d="M124.14,25.73H112.05a.37.37,0,0,0-.36.37v7.77a.36.36,0,0,0,.36.36H125.6a.36.36,0,0,1,.36.36v1.83a.36.36,0,0,1-.36.36H107.8a.36.36,0,0,1-.36-.36V13.58a.36.36,0,0,1,.36-.36h17.07a.36.36,0,0,1,.36.36v1.83a.36.36,0,0,1-.36.36H112.05a.36.36,0,0,0-.36.36v6.73a.36.36,0,0,0,.36.36h12.09a.36.36,0,0,1,.36.36v1.79A.36.36,0,0,1,124.14,25.73Z" transform="translate(-6.45 -4.64)"/>
          <path class="cls-7" d="M148.19,25.73H136.1a.37.37,0,0,0-.36.37v7.77a.36.36,0,0,0,.36.36h13.55a.36.36,0,0,1,.36.36v1.83a.36.36,0,0,1-.36.36h-17.8a.36.36,0,0,1-.36-.36V13.58a.36.36,0,0,1,.36-.36h17.07a.36.36,0,0,1,.36.36v1.83a.36.36,0,0,1-.36.36H136.1a.36.36,0,0,0-.36.36v6.73a.36.36,0,0,0,.36.36h12.09a.36.36,0,0,1,.36.36v1.79A.36.36,0,0,1,148.19,25.73Z" transform="translate(-6.45 -4.64)"/>
        </g>
      </svg>

        <img
          alt=""
          class="onboarding-app-header__metafox-logo--icon"
          src="./images/logo/metamask-fox.svg"
        />
      </button>
      <div
        class="dropdown"
      >
        <select
          class="dropdown__select"
        >
          <option
            value="en"
          >
            English
          </option>
        </select>
        <span
          class="mm-box dropdown__icon-caret-down mm-icon mm-icon--size-sm mm-box--display-inline-block mm-box--color-inherit"
          style="mask-image: url('./images/icons/arrow-down.svg');"
        />
      </div>
    </div>
  </div>
</div>
`;
