// Jest Snapshot v1, https://goo.gl/fbAQLP

exports[`RemindSRP should match snapshot 1`] = `
<div>
  <div
    class="mm-box"
  >
    <div
      class="mm-box mm-box--margin-bottom-4 mm-box--justify-content-center mm-box--text-align-center"
    >
      <h2
        class="mm-box mm-text mm-text--heading-lg mm-text--font-weight-bold mm-box--margin-bottom-4 mm-box--color-text-default"
      >
        Secret Recovery Phrase
      </h2>
      <h4
        class="mm-box mm-text mm-text--heading-sm mm-text--font-weight-normal mm-text--text-align-center mm-box--color-text-default"
      >
        MetaMask Institutional allows you to use non-custodial accounts, if you plan to use these accounts backup the Secret Recovery Phrase.
      </h4>
    </div>
    <div
      class="mm-box mm-box--display-flex mm-box--flex-direction-row mm-box--justify-content-space-between mm-box--width-full"
    >
      <button
        class="mm-box mm-text mm-button-base mm-button-base--size-sm mm-button-link mm-text--body-md-medium mm-box--padding-0 mm-box--padding-right-0 mm-box--padding-left-0 mm-box--display-inline-flex mm-box--justify-content-center mm-box--align-items-center mm-box--width-full mm-box--color-primary-default mm-box--background-color-transparent"
      >
        <span
          class="mm-box mm-icon mm-icon--size-sm mm-box--margin-inline-end-1 mm-box--display-inline-block mm-box--color-inherit"
          style="mask-image: url('./images/icons/eye.svg');"
        />
        Reveal seed phrase
      </button>
      <button
        class="mm-box mm-text mm-button-base mm-button-base--size-sm mm-button-link mm-text--body-md-medium mm-box--padding-0 mm-box--padding-right-0 mm-box--padding-left-0 mm-box--display-inline-flex mm-box--justify-content-center mm-box--align-items-center mm-box--width-full mm-box--color-primary-default mm-box--background-color-transparent"
      >
        <span
          class="mm-box mm-icon mm-icon--size-sm mm-box--margin-inline-end-1 mm-box--display-inline-block mm-box--color-inherit"
          style="mask-image: url('./images/icons/copy.svg');"
        />
        Copy to clipboard
      </button>
    </div>
    <div
      class="mm-box mm-box--display-flex mm-box--flex-direction-row"
    >
      <div
        class="mm-box recovery-phrase-chips mm-box--margin-bottom-4 mm-box--padding-4 mm-box--display-grid mm-box--border-style-solid mm-box--border-color-border-muted mm-box--border-width-1"
      >
        <div
          class="mm-box recovery-phrase-chips__chips recovery-phrase-chips__chips--hidden mm-box--display-grid mm-box--justify-content-center mm-box--align-items-center"
          data-testid="recovery-phrase-chips"
        >
          <div
            class="mm-box mm-box--padding-2 mm-box--display-flex mm-box--align-items-center mm-box--width-full"
          >
            <p
              class="mm-box mm-text mm-text--body-md mm-box--color-text-default"
            >
              1.
            </p>
            <p
              class="mm-box mm-text mm-text--body-md mm-box--margin-right-1 mm-box--margin-left-1 mm-box--padding-top-1 mm-box--padding-right-2 mm-box--padding-bottom-1 mm-box--padding-left-2 mm-box--display-flex mm-box--justify-content-center mm-box--align-items-center mm-box--width-full mm-box--color-text-default mm-box--rounded-xl mm-box--border-style-solid mm-box--border-color-border-default mm-box--border-width-1"
              data-testid="recovery-phrase-chip-0"
            >
              debris
            </p>
          </div>
          <div
            class="mm-box mm-box--padding-2 mm-box--display-flex mm-box--align-items-center mm-box--width-full"
          >
            <p
              class="mm-box mm-text mm-text--body-md mm-box--color-text-default"
            >
              2.
            </p>
            <p
              class="mm-box mm-text mm-text--body-md mm-box--margin-right-1 mm-box--margin-left-1 mm-box--padding-top-1 mm-box--padding-right-2 mm-box--padding-bottom-1 mm-box--padding-left-2 mm-box--display-flex mm-box--justify-content-center mm-box--align-items-center mm-box--width-full mm-box--color-text-default mm-box--rounded-xl mm-box--border-style-solid mm-box--border-color-border-default mm-box--border-width-1"
              data-testid="recovery-phrase-chip-1"
            >
              dizzy
            </p>
          </div>
          <div
            class="mm-box mm-box--padding-2 mm-box--display-flex mm-box--align-items-center mm-box--width-full"
          >
            <p
              class="mm-box mm-text mm-text--body-md mm-box--color-text-default"
            >
              3.
            </p>
            <p
              class="mm-box mm-text mm-text--body-md mm-box--margin-right-1 mm-box--margin-left-1 mm-box--padding-top-1 mm-box--padding-right-2 mm-box--padding-bottom-1 mm-box--padding-left-2 mm-box--display-flex mm-box--justify-content-center mm-box--align-items-center mm-box--width-full mm-box--color-text-default mm-box--rounded-xl mm-box--border-style-solid mm-box--border-color-border-default mm-box--border-width-1"
              data-testid="recovery-phrase-chip-2"
            >
              just
            </p>
          </div>
          <div
            class="mm-box mm-box--padding-2 mm-box--display-flex mm-box--align-items-center mm-box--width-full"
          >
            <p
              class="mm-box mm-text mm-text--body-md mm-box--color-text-default"
            >
              4.
            </p>
            <p
              class="mm-box mm-text mm-text--body-md mm-box--margin-right-1 mm-box--margin-left-1 mm-box--padding-top-1 mm-box--padding-right-2 mm-box--padding-bottom-1 mm-box--padding-left-2 mm-box--display-flex mm-box--justify-content-center mm-box--align-items-center mm-box--width-full mm-box--color-text-default mm-box--rounded-xl mm-box--border-style-solid mm-box--border-color-border-default mm-box--border-width-1"
              data-testid="recovery-phrase-chip-3"
            >
              program
            </p>
          </div>
          <div
            class="mm-box mm-box--padding-2 mm-box--display-flex mm-box--align-items-center mm-box--width-full"
          >
            <p
              class="mm-box mm-text mm-text--body-md mm-box--color-text-default"
            >
              5.
            </p>
            <p
              class="mm-box mm-text mm-text--body-md mm-box--margin-right-1 mm-box--margin-left-1 mm-box--padding-top-1 mm-box--padding-right-2 mm-box--padding-bottom-1 mm-box--padding-left-2 mm-box--display-flex mm-box--justify-content-center mm-box--align-items-center mm-box--width-full mm-box--color-text-default mm-box--rounded-xl mm-box--border-style-solid mm-box--border-color-border-default mm-box--border-width-1"
              data-testid="recovery-phrase-chip-4"
            >
              just
            </p>
          </div>
          <div
            class="mm-box mm-box--padding-2 mm-box--display-flex mm-box--align-items-center mm-box--width-full"
          >
            <p
              class="mm-box mm-text mm-text--body-md mm-box--color-text-default"
            >
              6.
            </p>
            <p
              class="mm-box mm-text mm-text--body-md mm-box--margin-right-1 mm-box--margin-left-1 mm-box--padding-top-1 mm-box--padding-right-2 mm-box--padding-bottom-1 mm-box--padding-left-2 mm-box--display-flex mm-box--justify-content-center mm-box--align-items-center mm-box--width-full mm-box--color-text-default mm-box--rounded-xl mm-box--border-style-solid mm-box--border-color-border-default mm-box--border-width-1"
              data-testid="recovery-phrase-chip-5"
            >
              float
            </p>
          </div>
          <div
            class="mm-box mm-box--padding-2 mm-box--display-flex mm-box--align-items-center mm-box--width-full"
          >
            <p
              class="mm-box mm-text mm-text--body-md mm-box--color-text-default"
            >
              7.
            </p>
            <p
              class="mm-box mm-text mm-text--body-md mm-box--margin-right-1 mm-box--margin-left-1 mm-box--padding-top-1 mm-box--padding-right-2 mm-box--padding-bottom-1 mm-box--padding-left-2 mm-box--display-flex mm-box--justify-content-center mm-box--align-items-center mm-box--width-full mm-box--color-text-default mm-box--rounded-xl mm-box--border-style-solid mm-box--border-color-border-default mm-box--border-width-1"
              data-testid="recovery-phrase-chip-6"
            >
              decrease
            </p>
          </div>
          <div
            class="mm-box mm-box--padding-2 mm-box--display-flex mm-box--align-items-center mm-box--width-full"
          >
            <p
              class="mm-box mm-text mm-text--body-md mm-box--color-text-default"
            >
              8.
            </p>
            <p
              class="mm-box mm-text mm-text--body-md mm-box--margin-right-1 mm-box--margin-left-1 mm-box--padding-top-1 mm-box--padding-right-2 mm-box--padding-bottom-1 mm-box--padding-left-2 mm-box--display-flex mm-box--justify-content-center mm-box--align-items-center mm-box--width-full mm-box--color-text-default mm-box--rounded-xl mm-box--border-style-solid mm-box--border-color-border-default mm-box--border-width-1"
              data-testid="recovery-phrase-chip-7"
            >
              vacant
            </p>
          </div>
          <div
            class="mm-box mm-box--padding-2 mm-box--display-flex mm-box--align-items-center mm-box--width-full"
          >
            <p
              class="mm-box mm-text mm-text--body-md mm-box--color-text-default"
            >
              9.
            </p>
            <p
              class="mm-box mm-text mm-text--body-md mm-box--margin-right-1 mm-box--margin-left-1 mm-box--padding-top-1 mm-box--padding-right-2 mm-box--padding-bottom-1 mm-box--padding-left-2 mm-box--display-flex mm-box--justify-content-center mm-box--align-items-center mm-box--width-full mm-box--color-text-default mm-box--rounded-xl mm-box--border-style-solid mm-box--border-color-border-default mm-box--border-width-1"
              data-testid="recovery-phrase-chip-8"
            >
              alarm
            </p>
          </div>
          <div
            class="mm-box mm-box--padding-2 mm-box--display-flex mm-box--align-items-center mm-box--width-full"
          >
            <p
              class="mm-box mm-text mm-text--body-md mm-box--color-text-default"
            >
              10.
            </p>
            <p
              class="mm-box mm-text mm-text--body-md mm-box--margin-right-1 mm-box--margin-left-1 mm-box--padding-top-1 mm-box--padding-right-2 mm-box--padding-bottom-1 mm-box--padding-left-2 mm-box--display-flex mm-box--justify-content-center mm-box--align-items-center mm-box--width-full mm-box--color-text-default mm-box--rounded-xl mm-box--border-style-solid mm-box--border-color-border-default mm-box--border-width-1"
              data-testid="recovery-phrase-chip-9"
            >
              reduce
            </p>
          </div>
          <div
            class="mm-box mm-box--padding-2 mm-box--display-flex mm-box--align-items-center mm-box--width-full"
          >
            <p
              class="mm-box mm-text mm-text--body-md mm-box--color-text-default"
            >
              11.
            </p>
            <p
              class="mm-box mm-text mm-text--body-md mm-box--margin-right-1 mm-box--margin-left-1 mm-box--padding-top-1 mm-box--padding-right-2 mm-box--padding-bottom-1 mm-box--padding-left-2 mm-box--display-flex mm-box--justify-content-center mm-box--align-items-center mm-box--width-full mm-box--color-text-default mm-box--rounded-xl mm-box--border-style-solid mm-box--border-color-border-default mm-box--border-width-1"
              data-testid="recovery-phrase-chip-10"
            >
              speak
            </p>
          </div>
          <div
            class="mm-box mm-box--padding-2 mm-box--display-flex mm-box--align-items-center mm-box--width-full"
          >
            <p
              class="mm-box mm-text mm-text--body-md mm-box--color-text-default"
            >
              12.
            </p>
            <p
              class="mm-box mm-text mm-text--body-md mm-box--margin-right-1 mm-box--margin-left-1 mm-box--padding-top-1 mm-box--padding-right-2 mm-box--padding-bottom-1 mm-box--padding-left-2 mm-box--display-flex mm-box--justify-content-center mm-box--align-items-center mm-box--width-full mm-box--color-text-default mm-box--rounded-xl mm-box--border-style-solid mm-box--border-color-border-default mm-box--border-width-1"
              data-testid="recovery-phrase-chip-11"
            >
              stadium
            </p>
          </div>
        </div>
        <div
          class="mm-box recovery-phrase-chips__secret-blocker mm-box--padding-4 mm-box--display-flex mm-box--gap-2 mm-box--flex-direction-column mm-box--justify-content-center mm-box--align-items-center mm-box--width-full mm-box--height-full mm-box--color-overlay-inverse mm-box--background-color-overlay-alternative"
        />
      </div>
    </div>
    <div
      class="mm-box mm-box--display-flex mm-box--flex-direction-column mm-box--align-items-center"
    >
      <button
        class="button btn--rounded btn-primary btn--large recovery-phrase-continue"
        data-testid="recovery-phrase-continue"
      >
        Continue
      </button>
    </div>
  </div>
</div>
`;
