// Jest Snapshot v1, https://goo.gl/fbAQLP

exports[`Connect More Accounts Modal should render correctly 1`] = `<div />`;
