// Jest Snapshot v1, https://goo.gl/fbAQLP

exports[`MultiRpcEditModal renders correctly with required props 1`] = `<div />`;
