// Jest Snapshot v1, https://goo.gl/fbAQLP

exports[`Bridge renders the component with initial props 1`] = `
<div>
  <div
    class="mm-box multichain-page mm-box--display-flex mm-box--flex-direction-row mm-box--justify-content-center mm-box--width-full mm-box--height-full mm-box--background-color-background-alternative"
  >
    <div
      class="mm-box multichain-page__inner-container bridge__container mm-box--display-flex mm-box--flex-direction-column mm-box--width-full mm-box--height-full mm-box--background-color-background-default"
    >
      <div
        class="mm-box mm-header-base multichain-page-header mm-box--padding-4 mm-box--display-flex mm-box--justify-content-center mm-box--width-full"
      >
        <div
          class="mm-box"
          style="min-width: 0px;"
        >
          <button
            aria-label="Back"
            class="mm-box mm-button-icon mm-button-icon--size-sm mm-box--display-inline-flex mm-box--justify-content-center mm-box--align-items-center mm-box--color-icon-default mm-box--background-color-transparent mm-box--rounded-lg"
          >
            <span
              class="mm-box mm-icon mm-icon--size-sm mm-box--display-inline-block mm-box--color-inherit"
              style="mask-image: url('./images/icons/arrow-left.svg');"
            />
          </button>
        </div>
        <div
          class="mm-box"
        >
          <h4
            class="mm-box mm-text mm-text--heading-sm mm-text--ellipsis mm-text--text-align-center mm-box--padding-inline-start-8 mm-box--padding-inline-end-8 mm-box--display-block mm-box--color-text-default"
          >
            Bridge
          </h4>
        </div>
        <div
          class="mm-box mm-box--display-flex mm-box--justify-content-flex-end"
          style="min-width: 0px;"
        >
          <button
            aria-label="Settings"
            class="mm-box mm-button-icon mm-button-icon--size-sm mm-box--display-inline-flex mm-box--justify-content-center mm-box--align-items-center mm-box--color-icon-default mm-box--background-color-transparent mm-box--rounded-lg"
          >
            <span
              class="mm-box mm-icon mm-icon--size-sm mm-box--display-inline-block mm-box--color-inherit"
              style="mask-image: url('./images/icons/setting.svg');"
            />
          </button>
        </div>
      </div>
      <div
        class="mm-box multichain-page-content mm-box--padding-0 mm-box--display-flex mm-box--flex-direction-column mm-box--width-full mm-box--height-full"
      />
    </div>
  </div>
</div>
`;
